// Jest Snapshot v1, https://goo.gl/fbAQLP

exports[`run <script> --only-updated 1`] = `
Array [
  "packages/package-3 my-script",
]
`;
